# xterm.map,v 1.1.1.1 1996/04/16 18:50:09 gustavof Exp
#
# Archivo de descripcion de asignaciones en terminal.
#
# Terminal vt220 8 bits.
#
# Configuracion para el teclado ingles
#
# Formato
# INPUT:
# CODIGO_TECLA_FUNCION    SECUENCIA    TEXTO_DE_AYUDA
#
# OUTPUT:
# codigo_de_simbolo    [Atributos] valor
#
PROCESS            \E[15~            F5
END                \E[F              End
REMOVE             \E[17~            F6
IGNORE             \E[19~            F8
ENTER              ^M                Enter o Validar
CURS_UP            \E[A              Cursor arriba
CURS_DOWN          \E[B              Cursor abajo
CURS_RIGHT         \E[C              Cursor der.
CURS_LEFT          \E[D              Cursor izq.
PAGE_UP            \E[5~             Pantall. previa
PAGE_DOWN          \E[6~             Prox. pantall.
PAGE_LEFT          \E[20~            F9
PAGE_RIGHT         \E[21~            F10
BACKSPACE          \177              <--
UNDO               \E[18~            F7
INSERT             \E[2~            Insert
DELETE            \E[3~            Delete
CLEAR_FLD        \E[31~            Shift-F7
TAB                \t                -->|
#APL_HELP        \EOQ            F2
UNDO        \EOQ            F2
HELP            \EOP            F1
REDRAW            ^l                CTRL-L
#SERVICES        \EOR            F3
UNDO        \EOR            F3
KEYCONF            ^k                CTRL-k
INTERRUPT        ^|                CTRL-|
#SUSPEND            \EOS            F4
UNDO            \EOS            F4
META            \E[7~            Home
META            \E[H            Home
META            \E[O\n             Home
META            \E[1~         Home
CTRLX            \E                Alt
#AF_1            \E[23~            F11
#AF_2            \E[24~            F12
#AF_3            \E[25~            F13
#AF_4            \E[26~            F14
AF_1            \E1                Esc 1
AF_2            \E2                Esc 2
AF_3            \E3                Esc 3
AF_4            \E4                Esc 4
\033            \E\E            Esc-Esc
# Caracteres linguisticos.
aacute            'a                'a
eacute            'e                'e
iacute            'i                'i
oacute            'o                'o
uacute            'u                'u
Aacute            'A                'A
Eacute            'E                'E
Iacute            'I                'I
Oacute            'O                'O
Uacute            'U                'U
agrave            `a                `a
egrave            `e                `e
igrave            `i                `i
ograve            `o                `o
ugrave            `u                `u
Agrave            `A                `A
Egrave            `E                `E
Igrave            `I                `I
Ograve            `O                `O
Ugrave            `U                `U
acircunflex        \^a                \^a
ecircunflex        \^e                \^e
icircunflex        \^i                \^i
ocircunflex        \^o                \^o
ucircunflex        \^u                \^u
Acircunflex        \^A                \^A
Ecircunflex        \^E                \^E
Icircunflex        \^I                \^I
Ocircunflex        \^O                \^O
Ucircunflex        \^U                \^U
adieresis        :a                :a
edieresis        :e                :e
idieresis        :i                :i
odieresis        :o                :o
udieresis        :u                :u
ydieresis        :y                :y
Adieresis        :A                :A
Edieresis        :E                :E
Idieresis        :I                :I
Odieresis        :O                :O
Udieresis        :U                :U
Ydieresis        :Y                :Y
ntilde            'n                'n
atilde            ~a                ~a
otilde            ~o                ~o
ccedilla        'c                'c
Ntilde            'N                  'N
Atilde            ~A                ~A
Otilde            ~O                ~O
Ccedilla        'C                'C
questdown        '?                '?
exclamdown        '!                   '!
\:                ::                ::
\'                ''                ''
\`                ``                ``
\^                \^\^            \^\^
\~                ~~    ~~
\\                \\\\            \\\\
Aring            \\A*            \\A*
aring            \\a*            \\a*
Oslash            \\O\\            \\O\\
oslash            \\o\\            \\o\\
AE                \\AE            \\AE
ae                \\ae            \\ae
OE                \\OE               \\OE
oe                \\oe            \\oe
germandbls        's                's
# Lineas simples
VERT            '.                '.
HORIZ            '0                '0
LL                '1                '1
BOT                '2                '2
LR                '3                '3
LEFT            '4                '4
CEN                '5                '5
RIGHT            '6                '6
UL                '7                '7
TOP                '8                '8
UR                '9                '9
# Lineas dobles
D_VERT            \\.                \\.
D_HORIZ            \\0                \\0
D_LL            \\1                \\1
D_BOT            \\2                \\2
D_LR            \\3                \\3
D_LEFT            \\4                \\4
D_CEN            \\5                \\5
D_RIGHT            \\6                \\6
D_UL            \\7                \\7
D_TOP            \\8                \\8
D_UR            \\9                \\9
# Lineas dobles y simples
DS_BOT            :2                :2
DS_LEFT            :4                :4
DS_RIGHT        :6                :6
DS_TOP            :8                :8
#    Otros    caracteres
BLOCK            '\d32            '(SPACE)
BULLET            '-                '-
SHADOW            '#                '#
UARROW            \\\E[A            \\ Cursor Arriba
DARROW            \\\E[B            \\ Cursor Abajo
RARROW            \\\E[C            \\ Cursor Derecha
LARROW            \\\E[D            \\ Cursor Izquierda
AUSTRAL            \\A=            \\A=
cents            \\c                \\c
OUTPUT:
# Caracteres espanioles.
aacute            a
eacute            e
iacute            i
oacute            o
uacute            u

Aacute            A
Eacute            E
Iacute            I
Oacute            O
Uacute            U

agrave            \d224
egrave            \d232
igrave            \d236
ograve            \d242
ugrave            \d249

Agrave            \d192
Egrave            \d200
Igrave            \d204
Ograve            \d210
Ugrave            \d217

acircunflex        \d226
ecircunflex        \d234
icircunflex        \d238
ocircunflex        \d244
ucircunflex        \d251

Acircunflex        \d194
Ecircunflex        \d202
Icircunflex        \d206
Ocircunflex        \d212
Ucircunflex        \d219

adieresis        \d228
edieresis        \d235
idieresis        \d239
odieresis        \d246
udieresis        \d252
ydieresis        \d253

Adieresis        \d196
Edieresis        \d203
Idieresis        \d207
Odieresis        \d214
Udieresis        \d220
Ydieresis        \d221

atilde            \d227
otilde            \d245

Atilde            \d195
Otilde            \d213

aring            \d229
Aring            \d197

ntilde            \d241
Ntilde            \d209

questdown        \d191
exclamdown        \d161

Ccedilla        \d199
ccedilla        \d231
Oslash            \d216
oslash            \d248
cents            \d222
AE                \d198
ae                \d230
OE                \d215
oe                \d247
germandbls        \d223

# Lineas dobles

VERT            ALTERNATE x
RIGHT            ALTERNATE u
UR                ALTERNATE k
LL                ALTERNATE m
BOT                ALTERNATE v
TOP                ALTERNATE w
LEFT            ALTERNATE t
HORIZ            ALTERNATE q
CEN                ALTERNATE n
LR                ALTERNATE j
UL                ALTERNATE l

D_VERT            ALTERNATE x
D_RIGHT            ALTERNATE u
D_UR            ALTERNATE k
D_LL            ALTERNATE m
D_BOT            ALTERNATE v
D_TOP            ALTERNATE w
D_LEFT            ALTERNATE t
D_HORIZ            ALTERNATE q
D_CEN            ALTERNATE n
D_LR            ALTERNATE j
D_UL            ALTERNATE l

# Lineas combinadas
DS_RIGHT        ALTERNATE u
DS_BOT            ALTERNATE v
DS_TOP            ALTERNATE w
DS_LEFT            ALTERNATE t

# Otros caracteres graficos.

BULLET            ALTERNATE \d126
SHADOW            ALTERNATE \d97
BLOCK            REVERSE \d32
UARROW            \^
DARROW            v
LARROW            ALTERNATE \d60
RARROW            ALTERNATE \d62
AUSTRAL            \d65

#COLORS:
#
#BLACK            \E[30m
#RED                \E[31m
#GREEN            \E[32m
#YELLOW            \E[33m
#BLUE            \E[34m
#MAGENTA            \E[35m
#CYAN            \E[36m
#WHITE            \E[37m
#
#BLACK_BG        \E[40m
#RED_BG            \E[41m
#GREEN_BG        \E[42m
#YELLOW_BG        \E[43m
#BLUE_BG            \E[44m
#MAGENTA_BG        \E[45m
#CYAN_BG            \E[46m
#WHITE_BG        \E[47m
#BLINK            \E[0;5m
